[backblue.gif]
[fade.gif]
[index.html]
[localhost_8000/assets/images/favicon.ico.png]
[localhost_8000/assets/js/jquery-1.11.3.min.js]
[localhost_8000/assets/js/modernizr.custom.js]
[localhost_8000/storage/featured-projects/November2019/NIe9TYN1ktqBlaGUGAPI.png]
[localhost_8000/storage/featured-projects/November2019/pfuXPfNwApBqR89WNvAi.png]
[localhost_8000/storage/featured-projects/November2019/FggUEeWkz2k6UP3xThev.png]
[localhost_8000/storage/projects/December2019/zemh9TX3Tj9eiBboZFlx.png]
[localhost_8000/storage/projects/December2019/glfIGGWNPSpvSWZaRM3H.png]
[localhost_8000/storage/projects/December2019/NqzqJKw0Tl7Hsd4WjyRw.png]
[localhost_8000/storage/projects/December2019/l7Oh8YBCOYYcZ17i0cuD.png]
[localhost_8000/storage/projects/December2019/HqmzdrUZdQIt1tgiXEQW.png]
[localhost_8000/storage/projects/December2019/wdGkgvcRlFLfZW4WvMx8.png]
[localhost_8000/storage/projects/December2019/peRsdn0FqMJJKlbomjui.png]
[localhost_8000/storage/projects/December2019/9EnYmgJinXG0uS1jtzsV.png]
[localhost_8000/storage/projects/December2019/VYm5XTfedlDE7tqyBdjp.png]
[localhost_8000/storage/projects/December2019/RyEQKYssNAGxyHRfsXaI.png]
[localhost_8000/storage/projects/December2019/O6veM3EgdjRwdQcOGmxs.png]
[localhost_8000/storage/projects/December2019/D6tFtgxrHylSrmgkxyN4.png]
[localhost_8000/storage/projects/December2019/A0w5MGyVplukQp26ayLd.png]
[localhost_8000/storage/projects/December2019/U3shL0Rm1LcbnIP9PBXu.png]
[localhost_8000/storage/projects/December2019/myT0T0gP6l23vX94sLNd.png]
[localhost_8000/storage/projects/December2019/KdgHRXVSfSBDESRJFTvS.png]
[localhost_8000/storage/projects/December2019/2oNFUBRraUFu14ICtS1k.png]
[localhost_8000/storage/projects/December2019/l0vGErygN7MQaCEuTwuZ.png]
[localhost_8000/storage/projects/December2019/XoHV3DOUXv5ki1GmqngG.png]
[localhost_8000/storage/projects/December2019/jBD9ObAqF805WkOqXQJl.png]
[localhost_8000/storage/projects/December2019/nhHYpsbW6YRda8n5nDGk.png]
[localhost_8000/storage/projects/December2019/gBFgK9h1OxCIsuKGw746.png]
[localhost_8000/storage/projects/December2019/fBI2cGbLd7GY4Eks1fTA.png]
[localhost_8000/storage/projects/December2019/TsgCn73a2TrjB9npMorM.png]
[localhost_8000/storage/projects/December2019/XUhAvwzPqBGBRoI9mrfb.png]
[localhost_8000/storage/projects/December2019/QwznGCuOBzpFw1dmjRHy.png]
[localhost_8000/storage/projects/December2019/9G6MwYDqVp1Mjm0tFOPj.png]
[localhost_8000/storage/projects/December2019/IOu9HUmW5Oa2jlHj25sX.png]
[localhost_8000/storage/projects/December2019/yXPIZzBdEuo8wCdDusYI.png]
[localhost_8000/storage/projects/December2019/quDdGA3zrguhDahmMqJh.png]
[localhost_8000/storage/projects/December2019/WTO94RPT0qDBh5bKNnlD.png]
[localhost_8000/storage/projects/December2019/D1CHPbN5N3LdencXwXa1.png]
[localhost_8000/storage/projects/December2019/wqbs3u8LJ0Z5QynRUtBe.png]
[localhost_8000/storage/projects/December2019/fzoVinogaokHXTBtw9QD.png]
[localhost_8000/storage/projects/December2019/ZHa3WCpypGjaKaweqWC5.png]
[localhost_8000/storage/settings/December2019/2RxnSmNraAPd2lPTXOdH.jpg]
[localhost_8000/assets/js/bootstrap.min.js]
[localhost_8000/assets/js/jpreloader.min.js]
[localhost_8000/assets/js/appear.js]
[localhost_8000/assets/js/toucheffects.js]
[localhost_8000/assets/js/sscr.js]
[localhost_8000/assets/js/jquery.validate.min.js]
[localhost_8000/assets/js/jquery.easing-1.3.min.js]
[localhost_8000/assets/js/jquery.countTo.js]
[localhost_8000/assets/js/retina-1.1.0.min.js]
[localhost_8000/assets/js/jPushMenu.js]
[localhost_8000/assets/js/jquery.vegas.js]
[localhost_8000/assets/js/owl.carousel.min.js]
[localhost_8000/assets/js/jquery.easypiechart.min.js]
[localhost_8000/assets/js/jquery.mixitup.min.js]
[localhost_8000/assets/js/wow.min.js]
[localhost_8000/index.html]
[localhost_8000/assets/js/custom.js]
[localhost_8000/assets/css/bootstrap.css]
[localhost_8000/assets/css/animate.css]
[localhost_8000/assets/css/simple-line-icons.css]
[localhost_8000/assets/css/font-awesome.css]
[localhost_8000/assets/css/banner_slider.css]
[localhost_8000/assets/images/banner_patterns/4.png]
[localhost_8000/assets/images/slider/02_b.jpg]
[localhost_8000/assets/images/banner_patterns/pat8.png]
[localhost_8000/assets/images/slider/03_b.jpg]
[localhost_8000/assets/images/slider/01_b.jpg]
[localhost_8000/assets/images/contact_map.png]
[localhost_8000/assets/css/style.css]
[localhost_8000/assets/css/push_menu.css]
[localhost_8000/assets/css/owl.carousel.css]
[localhost_8000/assets/css/owl.theme.css]
[localhost_8000/assets/css/owl.transitions.css]
[localhost_8000/assets/images/pointer.png]
[localhost_8000/assets/css/portfolio.css]
[localhost_8000/assets/css/color/color.css]
[localhost_8000/assets/images/apple_touch_icon.png/wp-admin/setup-config.html]
[localhost_8000/assets/images/apple_touch_icon_72x72.png/wp-admin/setup-config.html]
[localhost_8000/assets/images/apple_touch_icon_114x114.png/wp-admin/setup-config.html]
[localhost_8000/www.shahad-al-bilad.com/socialapp.html]
[localhost_8000/storage.html]
[localhost_8000/assets/fonts/glyphicons-halflings-regular.eot/wp-admin/setup-config.html]
[localhost_8000/assets/fonts/glyphicons-halflings-regular3488d41d.html]
[localhost_8000/assets/fonts/glyphicons-halflings-regular.woff2/wp-admin/setup-config.html]
[localhost_8000/assets/fonts/glyphicons-halflings-regular.woff/wp-admin/setup-config.html]
[localhost_8000/assets/fonts/glyphicons-halflings-regular.ttf/wp-admin/setup-config.html]
[localhost_8000/assets/fonts/glyphicons-halflings-regular.svg/wp-admin/setup-config.html]
[localhost_8000/assets/fonts/Simple-Line-Icons.html]
[localhost_8000/assets/fonts/Simple-Line-Iconsd41dd41d.html]
[localhost_8000/assets/fonts/Simple-Line-Icons-2.html]
[localhost_8000/assets/fonts/Simple-Line-Icons-3.html]
[localhost_8000/assets/fonts/Simple-Line-Icons.svg]
[localhost_8000/assets/fonts/fontawesome-webfont78ce78ce.html]
[localhost_8000/assets/fonts/fontawesome-webfontd41dd41d.html]
[localhost_8000/assets/fonts/fontawesome-webfont78ce-278ce.html]
[localhost_8000/assets/fonts/fontawesome-webfont78ce-378ce.html]
[localhost_8000/assets/fonts/fontawesome-webfont78ce78ce.svg]
[localhost_8000/assets/css/pie.htc/wp-admin/setup-config.html]
[localhost_8000/assets/images/footer-bg.png/wp-admin/setup-config.html]
[localhost_8000/assets/images/slider/parallax_2.jpg/wp-admin/setup-config.html]
[localhost_8000/assets/css/AjaxLoader.gif/wp-admin/setup-config.html]
[localhost_8000/download-resume.html]
